C51 COMPILER V9.60.0.0   DS1302                                                            03/23/2026 20:56:35 PAGE 1   


C51 COMPILER V9.60.0.0, COMPILATION OF MODULE DS1302
OBJECT MODULE PLACED IN .\Objects\DS1302.obj
COMPILER INVOKED BY: C:\Keil_v5\C51\BIN\C51.EXE DS1302.c OPTIMIZE(8,SPEED) BROWSE DEBUG OBJECTEXTEND PRINT(.\Listings\DS
                    -1302.lst) OBJECT(.\Objects\DS1302.obj)

line level    source

   1          #include <REGX52.H>
   2          
   3          
   4          sbit DS1302_SCLK=P3^6;
   5          sbit DS1302_IO=P3^4;
   6          sbit DS1302_CE=P3^5;
   7          
   8          void DS1302_Init(){
   9   1      DS1302_CE=0;
  10   1      DS1302_SCLK=0;
  11   1      }
  12          
  13          void DS1302_WriteByte(unsigned char Command,Data)
  14          {       unsigned char i;
  15   1              DS1302_CE=1;
  16   1              for (i=0;i<8;i++)
  17   1              {
  18   2              DS1302_IO=Command&(0x01<<i);
  19   2              DS1302_SCLK=1;
  20   2              DS1302_SCLK=0;}
  21   1              for (i=0;i<8;i++)
  22   1              {DS1302_IO=Data&(0x01<<i);
  23   2              DS1302_SCLK=1;
  24   2              DS1302_SCLK=0;}DS1302_CE=0;
  25   1      }       
  26          unsigned char DS1302_ReadByte(unsigned char Command){
  27   1              unsigned char i,Data=0x00;
  28   1              DS1302_CE=1;
  29   1              for (i=0;i<8;i++)
  30   1              {
  31   2                      DS1302_IO=Command&(0x01<<i);
  32   2                      DS1302_SCLK=0;
  33   2                      DS1302_SCLK=1;
  34   2              }
  35   1              for(i=0;i<8;i++){
  36   2                      DS1302_SCLK=1;DS1302_SCLK=0;if(DS1302_IO){Data|=0x01<<i;}}
  37   1                      DS1302_CE=0;DS1302_IO=0;
  38   1                      return Data;
  39   1      
  40   1      }
  41          
  42          
  43          
  44          
  45          
  46          
  47          
  48          
  49          
  50          
  51          
  52          
  53          
  54          
C51 COMPILER V9.60.0.0   DS1302                                                            03/23/2026 20:56:35 PAGE 2   

  55          


MODULE INFORMATION:   STATIC OVERLAYABLE
   CODE SIZE        =    203    ----
   CONSTANT SIZE    =   ----    ----
   XDATA SIZE       =   ----    ----
   PDATA SIZE       =   ----    ----
   DATA SIZE        =   ----       2
   IDATA SIZE       =   ----    ----
   BIT SIZE         =   ----    ----
END OF MODULE INFORMATION.


C51 COMPILATION COMPLETE.  0 WARNING(S),  0 ERROR(S)
