C51 COMPILER V9.60.0.0   MAIN                                                              03/31/2026 19:16:05 PAGE 1   


C51 COMPILER V9.60.0.0, COMPILATION OF MODULE MAIN
OBJECT MODULE PLACED IN .\Objects\main.obj
COMPILER INVOKED BY: C:\Keil_v5\C51\BIN\C51.EXE main.c OPTIMIZE(8,SPEED) BROWSE DEBUG OBJECTEXTEND PRINT(.\Listings\main
                    -.lst) OBJECT(.\Objects\main.obj)

line level    source

   1          #include <REGX52.H>
   2          #include "Buzzer.h"
   3          #include "Timer0.h"
   4          #define SPEED 700
   5          #define P       37
   6          #define L1      1
   7          #define L1_     2
   8          #define L2      3
   9          #define L2_     4
  10          #define L3      5
  11          #define L4      6
  12          #define L4_     7
  13          #define L5      8
  14          #define L5_     9
  15          #define L6      10
  16          #define L6_     11
  17          #define L7      12
  18          #define M1      13
  19          #define M1_     14
  20          #define M2      15
  21          #define M2_     16
  22          #define M3      17
  23          #define M4      18
  24          #define M4_     19
  25          #define M5      20
  26          #define M5_     21
  27          #define M6      22
  28          #define M6_     23
  29          #define M7      24
  30          #define H1      25
  31          #define H1_     26
  32          #define H2      27
  33          #define H2_     28
  34          #define H3      29
  35          #define H4      30
  36          #define H4_     31
  37          #define H5      32
  38          #define H5_     33
  39          #define H6      34
  40          #define H6_     35
  41          #define H7      36
  42          void Delay(unsigned int xms);
  43          sbit Buzzer=P2^5;
  44          unsigned int FreqTable[]={
  45          63777,63872, 63969, 64054, 64140, 64216, 64291, 64360, 64426, 64489, 64547,
  46          64607, 64655, 64704, 64751, 64795, 64837, 64876, 64913, 64947, 64981, 65012, 
  47          65042, 65070, 65095, 65120, 65144, 65166, 65186, 65206, 65225, 65242, 65259,
  48          65274, 65289, 65303,0/*休止符0第37位*/};
  49          unsigned char FreqSelect,MusicSelect;
  50          unsigned char code Music[]={
  51                  //第一小节
  52                  M3,16,M2,16,M1,16,L7,16,L6,16,L5,16,L6,16,L7,16,
  53                  //第二小节
  54                  M3,16,M2,16,M1,16,L7,16,L6,16,L5,16,L6,16,L7,16,
C51 COMPILER V9.60.0.0   MAIN                                                              03/31/2026 19:16:05 PAGE 2   

  55                  //第三小节
  56                  H1, 4, M7, 4, H1, 4, M3, 4, M5, 8, M6, 4, M7, 4,
  57                  H1, 8, H3, 8, H5, 4, H3, 4, H5, 4, H6, 4,
  58                  H4, 4, H3, 4, H2, 4, H4, 4, H3, 4, H2, 4, H1, 4, M7, 4,
  59                  M6, 4, M5, 4, M4, 4, H1, 4, M7, 8, H1, 4, H2, 4,
  60                  //第四小节
  61                  H5, 4, H3, 2, H4, 2, H5, 4, H3, 2, H4, 2, H5, 2, M5, 2, M6, 2, M7, 2, H1, 2, H2, 2, H3, 2, H4, 2,
  62                  H3, 4, H1, 2, H2, 2, H3, 4, H3, 2, H4, 2, H5, 2, H6, 2, H5, 2, H4, 2, H5, 2, H1, 2, M7, 2, H1, 2,
  63                  M6, 4, H1, 2, M7, 2, M6, 4, M5, 2, M4, 2, M5, 2, M4, 2, M3, 2, M4, 2, M5, 2, M6, 2, M7, 2, H1, 2,
  64                  M6, 4, H1, 2, M7, 2, H1, 4, M7, 2, M6, 2, M7, 2, M6, 2, M7, 2, H1, 2, H2, 2, H3, 2, H4, 2, H5, 2,
  65                  //第五小节
  66                  H5, 4, H3, 2, H4, 2, H5, 4, H3, 2, H4, 2, H5, 2, M5, 2, M6, 2, M7, 2, H1, 2, H2, 2, H3, 2, H4, 2,
  67                  H3, 4, H1, 2, H2, 2, H3, 4, M3, 2, M4, 2, M5, 2, M6, 2, M5, 2, M4, 2, M5, 2, H1, 2, M7, 2, H1, 2,
  68                  M6, 4, H1, 2, M7, 2, M6, 4, M5, 2, M4, 2, M5, 2, M4, 2, M3, 2, M4, 2, M5, 2, M6, 2, M7, 2, H1, 2,
  69                  M6, 4, H1, 2, M7, 2, H1, 4, M7, 2, M6, 2, M7, 2, M6, 2, M7, 2, H1, 2, H2, 2, H1, 2, M7, 4,
  70                  0xFF    //终止标志
  71          };
  72          
  73          void main()
  74          {Timer0_Init();
  75   1      while(1){
  76   2              if(Music[MusicSelect]!=0xFF)    //如果不是停止标志位
  77   2                      {FreqSelect=Music[MusicSelect];
  78   3                      MusicSelect++ ; 
  79   3                      Delay(SPEED/8*Music[MusicSelect]);//
  80   3                      MusicSelect++;  
  81   3                      TR0=0;
  82   3                      Delay(5);
  83   3                      TR0=1;
  84   3              
  85   3                      
  86   3              }
  87   2                      }
  88   1              }
  89          void Tmier0_Rountine() interrupt 1
  90          {       static unsigned int T0Count;
  91   1              if (FreqTable[FreqSelect]!=0){
  92   2              TL0 = FreqTable[FreqSelect]%256;                                //设置定时初始值
  93   2              TH0 = FreqTable[FreqSelect]/256;                                //设置定时初始值
  94   2              Buzzer=!Buzzer;}
  95   1              }
*** WARNING C280 IN LINE 90 OF main.c: 'T0Count': unreferenced local variable
  96          
  97          
  98          


MODULE INFORMATION:   STATIC OVERLAYABLE
   CODE SIZE        =     97    ----
   CONSTANT SIZE    =    311    ----
   XDATA SIZE       =   ----    ----
   PDATA SIZE       =   ----    ----
   DATA SIZE        =     78    ----
   IDATA SIZE       =   ----    ----
   BIT SIZE         =   ----    ----
END OF MODULE INFORMATION.


C51 COMPILATION COMPLETE.  1 WARNING(S),  0 ERROR(S)
