C51 COMPILER V9.60.0.0   MAIN                                                              03/31/2026 19:04:17 PAGE 1   


C51 COMPILER V9.60.0.0, COMPILATION OF MODULE MAIN
OBJECT MODULE PLACED IN .\Objects\main.obj
COMPILER INVOKED BY: C:\Keil_v5\C51\BIN\C51.EXE main.c OPTIMIZE(8,SPEED) BROWSE DEBUG OBJECTEXTEND PRINT(.\Listings\main
                    -.lst) OBJECT(.\Objects\main.obj)

line level    source

   1          #include <REGX52.H>
   2          #include <INTRINS.H>
   3          //玉永彬
   4          #define MAX_TASKS 2 //表示有两个任务
   5          #define MAX_TASK_DEP 32 //表示栈的深度
   6          
   7          #define TASK_READY   0
   8          #define TASK_SUSPEND 1
   9          
  10          unsigned char idata task_sp[MAX_TASKS];                     // 任务的堆栈指针
  11          unsigned char idata task_stack[MAX_TASKS][MAX_TASK_DEP];    // 每个task任务的堆栈
  12          unsigned char task_id;                                      // 当前任务号
  13          
  14          unsigned char task_state[MAX_TASKS];                        // 任务状态：0=READY, 1=SUSPEND
  15          unsigned int  task_delay[MAX_TASKS];                        // 任务延时计数器（单位：ms）
  16          
  17          
  18          void task_switch(void);//提前声明函数原型
  19          void task_switch(void);
  20          void task0(void);
  21          void task1(void);
  22          void task_load(unsigned int fn,unsigned char tid);
  23          void task_suspend(unsigned char tid);
  24          void task_resume(unsigned char tid);
  25          void task_delay_ms(unsigned int ms);
  26          void task_delay_ms(unsigned int ms);
  27          
  28          
  29          void task_suspend(unsigned char tid)// 任务挂起
  30          {
  31   1          if (tid >= MAX_TASKS) return;
  32   1          task_state[tid] = TASK_SUSPEND;
  33   1          task_delay[tid] = 0;          // 手动挂起不使用定时恢复
  34   1      }
  35          
  36          void task_resume(unsigned char tid)   //恢复任务
  37          {
  38   1          if (tid >= MAX_TASKS) return;
  39   1          task_state[tid] = TASK_READY;
  40   1          task_delay[tid] = 0;
  41   1      }
  42          
  43          
  44          void task_delay_ms(unsigned int ms)// 切换的延时
  45          {
  46   1          if (ms == 0) return;
  47   1          task_delay[task_id] = ms;           // 设置延时计数
  48   1          task_state[task_id] = TASK_SUSPEND; // //任务状态设置为挂起
  49   1          task_switch();                      // 任务切换
  50   1      }
  51          
  52          
  53          void task_switch(void)// 任务切换
  54          {
C51 COMPILER V9.60.0.0   MAIN                                                              03/31/2026 19:04:17 PAGE 2   

  55   1          task_sp[task_id] = SP;
  56   1          do
  57   1          {
  58   2              task_id++;//任务号置换
  59   2              if (task_id >= MAX_TASKS) {task_id = 0;}
  60   2          } while (task_state[task_id] == TASK_SUSPEND);//
  61   1      
  62   1          SP = task_sp[task_id];//任务存储位置
  63   1      }
  64          
  65          
  66          // Timer0 1ms 定时中断（负责所有延时计数）
  67          void Timer0_ISR(void) interrupt 1 // Timer0 的中断号 1
  68          {
  69   1          unsigned char i; 
  70   1      
  71   1          TH0 = 0xFC;      // 12MHz晶振下 1ms 重载值
  72   1          TL0 = 0x18;
  73   1      
  74   1          for (i = 0; i <MAX_TASKS; i++)
  75   1          {
  76   2              if (task_delay[i] > 0)
  77   2              {
  78   3                  task_delay[i]--;
  79   3                  if (task_delay[i] == 0)
  80   3                  {
  81   4                      task_state[i] = TASK_READY;   // 延时结束，自动恢复就绪
  82   4                  }
  83   3              }
  84   2          }
  85   1      }
  86          //中断这里是不是可以加入两个计次函数Count1 2,if次数分别到达500和1000时，执行ta
             -sk并重置Count值，实现类似非阻塞延时亮灯效果
  87          
  88          void task_load(unsigned int fn, unsigned char tid)//任务加载
  89          {
  90   1          task_stack[tid][1] = (unsigned char)(fn >> 8);
  91   1          task_stack[tid][0] = (unsigned char)fn;
  92   1          task_sp[tid] = (unsigned char)&task_stack[tid][1];
  93   1      }
  94          
  95          //========================================================亮灯修改成了51单片机对应的两个灯
  96          void task0(void)//任务0：0.5秒闪烁
  97          {
  98   1          P2_0 = 0;
  99   1          while (1)
 100   1          {
 101   2              P2_0 = ~P2_0;
 102   2              task_delay_ms(500);   // 挂起式延时，任务切换
 103   2          }
 104   1      }
 105          
 106          
 107          void task1(void)//任务1：1秒闪烁
 108          {
 109   1          P2_1 = 0;
 110   1          while (1)
 111   1          {
 112   2              P2_1 = ~P2_1;
 113   2              task_delay_ms(1000);  // 挂起式延时，符合任务切换
 114   2          }
 115   1      }
C51 COMPILER V9.60.0.0   MAIN                                                              03/31/2026 19:04:17 PAGE 3   

 116          
 117          
 118          void main(void)//主函数
 119          {
 120   1          // 加载两个任务
 121   1          task_load((unsigned int)task0, 0);
 122   1          task_load((unsigned int)task1, 1);
 123   1      
 124   1          // 初始化任务状态和延时计数器
 125   1          task_state[0] = TASK_READY;
 126   1          task_state[1] = TASK_READY;
 127   1          task_delay[0] = 0;
 128   1          task_delay[1] = 0;
 129   1      
 130   1          task_id = 0;
 131   1      
 132   1          // 初始化 Timer0 为 1ms 定时中断（实现精确延时）
 133   1          TMOD = 0x01;        // Timer0模式1（16位）
 134   1          TH0 = 0xFC;
 135   1          TL0 = 0x18;
 136   1          TR0 = 1;            // 启动定时器
 137   1          ET0 = 1;            // 允许 Timer0 中断
 138   1          EA  = 1;            // 全局中断允许
 139   1      
 140   1          // 切换到任务0的栈并启动多任务
 141   1          SP = task_sp[0];
 142   1      }


MODULE INFORMATION:   STATIC OVERLAYABLE
   CODE SIZE        =    340    ----
   CONSTANT SIZE    =   ----    ----
   XDATA SIZE       =   ----    ----
   PDATA SIZE       =   ----    ----
   DATA SIZE        =      7    ----
   IDATA SIZE       =     66    ----
   BIT SIZE         =   ----    ----
END OF MODULE INFORMATION.


C51 COMPILATION COMPLETE.  0 WARNING(S),  0 ERROR(S)
