C51 COMPILER V9.60.0.0   MATRIXLED                                                         03/24/2026 21:01:40 PAGE 1   


C51 COMPILER V9.60.0.0, COMPILATION OF MODULE MATRIXLED
OBJECT MODULE PLACED IN .\Objects\MatrixLED.obj
COMPILER INVOKED BY: C:\Keil_v5\C51\BIN\C51.EXE MatrixLED.c OPTIMIZE(8,SPEED) BROWSE DEBUG OBJECTEXTEND PRINT(.\Listings
                    -\MatrixLED.lst) OBJECT(.\Objects\MatrixLED.obj)

line level    source

   1          #include <REGX52.H>
   2          void Delay(unsigned int xms);
   3          sbit RCK=P3^5;  //RCLK
   4          sbit SCK=P3^6;  //SRCLK
   5          sbit SER=P3^4; //SER
   6          void _74HC595_WriteByte(unsigned char Byte)
   7          {       unsigned char i;
   8   1              for(i=0;i<8;i++){
   9   2              SER=Byte&(0x80>>i);
  10   2              SCK=1;
  11   2              SCK=0;
  12   2      }
  13   1              RCK=1;
  14   1              RCK=0;
  15   1              
  16   1      }
  17          void MatrixLED_Init(){
  18   1              SCK=0;
  19   1              RCK=0;
  20   1      }
  21          void MatrixLED_ShowColumn(unsigned char Column,Data){
  22   1              _74HC595_WriteByte(Data);
  23   1              P0=~(0x80>>Column);
  24   1              Delay(1);
  25   1              P0=0xff;
  26   1      
  27   1      }


MODULE INFORMATION:   STATIC OVERLAYABLE
   CODE SIZE        =     93    ----
   CONSTANT SIZE    =   ----    ----
   XDATA SIZE       =   ----    ----
   PDATA SIZE       =   ----    ----
   DATA SIZE        =   ----    ----
   IDATA SIZE       =   ----    ----
   BIT SIZE         =   ----    ----
END OF MODULE INFORMATION.


C51 COMPILATION COMPLETE.  0 WARNING(S),  0 ERROR(S)
