C51 COMPILER V9.60.0.0   UART                                                              03/24/2026 21:01:39 PAGE 1   


C51 COMPILER V9.60.0.0, COMPILATION OF MODULE UART
OBJECT MODULE PLACED IN .\Objects\UART.obj
COMPILER INVOKED BY: C:\Keil_v5\C51\BIN\C51.EXE UART.c OPTIMIZE(8,SPEED) BROWSE DEBUG OBJECTEXTEND PRINT(.\Listings\UART
                    -.lst) OBJECT(.\Objects\UART.obj)

line level    source

   1          
   2          #include <REGX52.H>
   3          void Delay(unsigned int xms);
   4          
   5          void UART_Init(){
   6   1              SCON=0x50;
   7   1              PCON |=0x80;
   8   1              TMOD &= 0x0F;
   9   1              TMOD |= 0x20;
  10   1              TL1 = 0xF4;                     //设置定时初始值
  11   1              TH1 = 0xF4;                     //设置定时重载值
  12   1              ET1 = 0;                        //禁止定时器中断
  13   1              TR1 = 1;                        //定时器1开始计时
  14   1              EA=1;
  15   1              ES=1;
  16   1      }
  17          
  18          
  19          void UART_SendByte(unsigned char Byte){
  20   1              SBUF=Byte;
  21   1              while(TI==0);
  22   1              TI=0;
  23   1      
  24   1      }


MODULE INFORMATION:   STATIC OVERLAYABLE
   CODE SIZE        =     35    ----
   CONSTANT SIZE    =   ----    ----
   XDATA SIZE       =   ----    ----
   PDATA SIZE       =   ----    ----
   DATA SIZE        =   ----    ----
   IDATA SIZE       =   ----    ----
   BIT SIZE         =   ----    ----
END OF MODULE INFORMATION.


C51 COMPILATION COMPLETE.  0 WARNING(S),  0 ERROR(S)
