C51 COMPILER V9.60.0.0   IIC                                                               03/31/2026 20:35:04 PAGE 1   


C51 COMPILER V9.60.0.0, COMPILATION OF MODULE IIC
OBJECT MODULE PLACED IN .\Objects\IIC.obj
COMPILER INVOKED BY: C:\Keil_v5\C51\BIN\C51.EXE IIC.c OPTIMIZE(8,SPEED) BROWSE DEBUG OBJECTEXTEND PRINT(.\Listings\IIC.l
                    -st) OBJECT(.\Objects\IIC.obj)

line level    source

   1          #include <REGX52.H>
   2          
   3          sbit I2C_SCL=P2^1;
   4          sbit I2C_SDA=P2^0;
   5          
   6          
   7          void I2C_Start()//I2C开始
   8          {
   9   1              I2C_SDA=1;
  10   1              I2C_SCL=1;
  11   1              I2C_SDA=0;
  12   1              I2C_SCL=0;
  13   1              
  14   1      }
  15          void I2C_Stop()//I2C停止
  16          {
  17   1              I2C_SDA=0;
  18   1              I2C_SCL=1;
  19   1              I2C_SDA=1;
  20   1              
  21   1      }
  22          
  23          void I2C_SendByte(unsigned char Byte)//I2C发送一个字节
  24          {       unsigned char i;
  25   1              for(i=0;i<8;i++)
  26   1              {       I2C_SDA=Byte&(0x80>>i);
  27   2                      I2C_SCL=1;
  28   2                      I2C_SCL=0;
  29   2              }
  30   1      }
  31          
  32          unsigned char I2C_ReceiveByte()//I2C接收一个字节
  33          {       unsigned char Byte=0x00;
  34   1              unsigned char i;
  35   1              I2C_SDA=1;
  36   1              for(i=0;i<8;i++)
  37   1              {       
  38   2                      I2C_SCL=1;      
  39   2                      if (I2C_SDA){Byte|=(0x80>>i);}
  40   2                      I2C_SCL=0;
  41   2              }
  42   1              
  43   1      
  44   1              return Byte;
  45   1      }
  46           
  47          void I2C_SendAck(unsigned char AckBit)//I2C发送应答    AckBit为应答位，0为应答，1为非应答
             - 
  48          {
  49   1              I2C_SDA=AckBit;
  50   1              I2C_SCL=1;
  51   1              I2C_SCL=0;
  52   1      
  53   1      }
C51 COMPILER V9.60.0.0   IIC                                                               03/31/2026 20:35:04 PAGE 2   

  54          unsigned  char I2C_ReceiveAck()//I2C接收应答    AckBit为应答位，0为应答，1为非应答 
  55          {       
  56   1              unsigned char AckBit;
  57   1              I2C_SDA=1;
  58   1              I2C_SCL=1;
  59   1              AckBit=I2C_SDA;
  60   1              I2C_SCL=0;
  61   1              return AckBit;
  62   1      }


MODULE INFORMATION:   STATIC OVERLAYABLE
   CODE SIZE        =    127    ----
   CONSTANT SIZE    =   ----    ----
   XDATA SIZE       =   ----    ----
   PDATA SIZE       =   ----    ----
   DATA SIZE        =   ----    ----
   IDATA SIZE       =   ----    ----
   BIT SIZE         =   ----    ----
END OF MODULE INFORMATION.


C51 COMPILATION COMPLETE.  0 WARNING(S),  0 ERROR(S)
