C51 COMPILER V9.60.0.0   MARTRIXKEY                                                        03/19/2026 23:05:06 PAGE 1   


C51 COMPILER V9.60.0.0, COMPILATION OF MODULE MARTRIXKEY
OBJECT MODULE PLACED IN .\Objects\MartrixKey.obj
COMPILER INVOKED BY: C:\Keil_v5\C51\BIN\C51.EXE MartrixKey.c OPTIMIZE(8,SPEED) BROWSE DEBUG OBJECTEXTEND PRINT(.\Listing
                    -s\MartrixKey.lst) OBJECT(.\Objects\MartrixKey.obj)

line level    source

   1          #include <REGX52.H>
   2          void Delay(unsigned int xms);
   3          unsigned char MatrixKey()
   4          {
   5   1              unsigned char KeyNumber=0;
   6   1              
   7   1              
   8   1              P1=0xFF;
   9   1              P1_3=0;
  10   1              if(P1_7==0){Delay(20);while(P1_7==0);Delay(20);KeyNumber=1;}
  11   1              if(P1_6==0){Delay(20);while(P1_6==0);Delay(20);KeyNumber=5;}
  12   1              if(P1_5==0){Delay(20);while(P1_5==0);Delay(20);KeyNumber=9;}
  13   1              if(P1_4==0){Delay(20);while(P1_4==0);Delay(20);KeyNumber=13;}
  14   1              P1=0xFF;
  15   1              P1_2=0;
  16   1              if(P1_7==0){Delay(20);while(P1_7==0);Delay(20);KeyNumber=2;}
  17   1              if(P1_6==0){Delay(20);while(P1_6==0);Delay(20);KeyNumber=6;}
  18   1              if(P1_5==0){Delay(20);while(P1_5==0);Delay(20);KeyNumber=10;}
  19   1              if(P1_4==0){Delay(20);while(P1_4==0);Delay(20);KeyNumber=14;}
  20   1              P1=0xFF;
  21   1              P1_1=0;
  22   1              if(P1_7==0){Delay(20);while(P1_7==0);Delay(20);KeyNumber=3;}
  23   1              if(P1_6==0){Delay(20);while(P1_6==0);Delay(20);KeyNumber=7;}
  24   1              if(P1_5==0){Delay(20);while(P1_5==0);Delay(20);KeyNumber=11;}
  25   1              if(P1_4==0){Delay(20);while(P1_4==0);Delay(20);KeyNumber=15;}
  26   1              P1_0=0;
  27   1              if(P1_7==0){Delay(20);while(P1_7==0);Delay(20);KeyNumber=4;}
  28   1              if(P1_6==0){Delay(20);while(P1_6==0);Delay(20);KeyNumber=8;}
  29   1              if(P1_5==0){Delay(20);while(P1_5==0);Delay(20);KeyNumber=12;}
  30   1              if(P1_4==0){Delay(20);while(P1_4==0);Delay(20);KeyNumber=16;}
  31   1              return KeyNumber;
  32   1      
  33   1      
  34   1      }


MODULE INFORMATION:   STATIC OVERLAYABLE
   CODE SIZE        =    390    ----
   CONSTANT SIZE    =   ----    ----
   XDATA SIZE       =   ----    ----
   PDATA SIZE       =   ----    ----
   DATA SIZE        =   ----       1
   IDATA SIZE       =   ----    ----
   BIT SIZE         =   ----    ----
END OF MODULE INFORMATION.


C51 COMPILATION COMPLETE.  0 WARNING(S),  0 ERROR(S)
