BL51 BANKED LINKER/LOCATER V6.22.2.0                                                    03/31/2026  20:47:48  PAGE 1


BL51 BANKED LINKER/LOCATER V6.22.2.0, INVOKED BY:
C:\KEIL_V5\C51\BIN\BL51.EXE .\Objects\STARTUP.obj, .\Objects\main.obj, .\Objects\Delay.obj, .\Objects\Key.obj, .\Objects
>> \IIC.obj, .\Objects\AT24C02.obj, .\Objects\UART.obj TO .\Objects\project PRINT (.\Listings\project.m51) RAMSIZE (256)
>> 


MEMORY MODEL: SMALL


INPUT MODULES INCLUDED:
  .\Objects\STARTUP.obj (?C_STARTUP)
  .\Objects\main.obj (MAIN)
  .\Objects\Delay.obj (DELAY)
  .\Objects\Key.obj (KEY)
  .\Objects\IIC.obj (IIC)
  .\Objects\AT24C02.obj (AT24C02)
  .\Objects\UART.obj (UART)


LINK MAP OF MODULE:  .\Objects\project (?C_STARTUP)


            TYPE    BASE      LENGTH    RELOCATION   SEGMENT NAME
            -----------------------------------------------------

            * * * * * * *   D A T A   M E M O R Y   * * * * * * *
            REG     0000H     0008H     ABSOLUTE     "REG BANK 0"
            DATA    0008H     0007H     UNIT         _DATA_GROUP_
            DATA    000FH     0001H     UNIT         ?DT?MAIN
            IDATA   0010H     0001H     UNIT         ?STACK

            * * * * * * *   C O D E   M E M O R Y   * * * * * * *
            CODE    0000H     0003H     ABSOLUTE     
            CODE    0003H     001BH     UNIT         ?PR?UART_INIT?UART
                    001EH     0005H                  *** GAP ***
            CODE    0023H     0003H     ABSOLUTE     
            CODE    0026H     0061H     UNIT         ?PR?KEY?KEY
            CODE    0087H     0060H     UNIT         ?PR?UART_ROUTINE?MAIN
            CODE    00E7H     0059H     UNIT         ?PR?MAIN?MAIN
            CODE    0140H     0032H     UNIT         ?PR?_I2C_SENDBYTE?IIC
            CODE    0172H     0030H     UNIT         ?PR?_AT24C02_READBYTE?AT24C02
            CODE    01A2H     0027H     UNIT         ?PR?I2C_RECEIVEBYTE?IIC
            CODE    01C9H     0024H     UNIT         ?PR?_AT24C02_WRITEBYTE?AT24C02
            CODE    01EDH     0015H     UNIT         ?PR?_DELAY?DELAY
            CODE    0202H     000CH     UNIT         ?C_C51STARTUP
            CODE    020EH     000CH     UNIT         ?PR?I2C_RECEIVEACK?IIC
            CODE    021AH     000AH     UNIT         ?PR?_I2C_SENDACK?IIC
            CODE    0224H     0009H     UNIT         ?PR?I2C_START?IIC
            CODE    022DH     0008H     UNIT         ?PR?_UART_SENDBYTE?UART
            CODE    0235H     0007H     UNIT         ?PR?I2C_STOP?IIC



OVERLAY MAP OF MODULE:   .\Objects\project (?C_STARTUP)


SEGMENT                                  DATA_GROUP 
  +--> CALLED SEGMENT                  START    LENGTH
BL51 BANKED LINKER/LOCATER V6.22.2.0                                                  03/31/2026  20:47:48  PAGE 2


------------------------------------------------------
?C_C51STARTUP                          -----    -----
  +--> ?PR?MAIN?MAIN

?PR?MAIN?MAIN                          0008H    0002H
  +--> ?PR?UART_INIT?UART
  +--> ?PR?_AT24C02_READBYTE?AT24C02
  +--> ?PR?_UART_SENDBYTE?UART
  +--> ?PR?KEY?KEY

?PR?_AT24C02_READBYTE?AT24C02          000AH    0002H
  +--> ?PR?I2C_START?IIC
  +--> ?PR?_I2C_SENDBYTE?IIC
  +--> ?PR?I2C_RECEIVEACK?IIC
  +--> ?PR?I2C_RECEIVEBYTE?IIC
  +--> ?PR?_I2C_SENDACK?IIC
  +--> ?PR?I2C_STOP?IIC

?PR?KEY?KEY                            000AH    0001H
  +--> ?PR?_DELAY?DELAY

*** NEW ROOT ***************************************************

?PR?UART_ROUTINE?MAIN                  -----    -----
  +--> ?PR?_AT24C02_WRITEBYTE?AT24C02
  +--> ?PR?_DELAY?DELAY

?PR?_AT24C02_WRITEBYTE?AT24C02         000CH    0003H
  +--> ?PR?I2C_START?IIC
  +--> ?PR?_I2C_SENDBYTE?IIC
  +--> ?PR?I2C_RECEIVEACK?IIC
  +--> ?PR?I2C_STOP?IIC



SYMBOL TABLE OF MODULE:  .\Objects\project (?C_STARTUP)

  VALUE           TYPE          NAME
  ----------------------------------

  -------         MODULE        ?C_STARTUP
  C:0202H         SEGMENT       ?C_C51STARTUP
  I:0010H         SEGMENT       ?STACK
  C:0000H         PUBLIC        ?C_STARTUP
  D:00E0H         SYMBOL        ACC
  D:00F0H         SYMBOL        B
  D:0083H         SYMBOL        DPH
  D:0082H         SYMBOL        DPL
  N:0000H         SYMBOL        IBPSTACK
  N:0100H         SYMBOL        IBPSTACKTOP
  N:0080H         SYMBOL        IDATALEN
  C:0205H         SYMBOL        IDATALOOP
  N:0000H         SYMBOL        PBPSTACK
  N:0100H         SYMBOL        PBPSTACKTOP
  N:0000H         SYMBOL        PDATALEN
  N:0000H         SYMBOL        PDATASTART
  N:0000H         SYMBOL        PPAGE
BL51 BANKED LINKER/LOCATER V6.22.2.0                                                  03/31/2026  20:47:48  PAGE 3


  N:0000H         SYMBOL        PPAGEENABLE
  D:00A0H         SYMBOL        PPAGE_SFR
  D:0081H         SYMBOL        SP
  C:0202H         SYMBOL        STARTUP1
  N:0000H         SYMBOL        XBPSTACK
  N:0000H         SYMBOL        XBPSTACKTOP
  N:0000H         SYMBOL        XDATALEN
  N:0000H         SYMBOL        XDATASTART
  C:0000H         LINE#         126
  C:0202H         LINE#         133
  C:0204H         LINE#         134
  C:0205H         LINE#         135
  C:0206H         LINE#         136
  C:0208H         LINE#         185
  C:020BH         LINE#         196
  -------         ENDMOD        ?C_STARTUP

  -------         MODULE        MAIN
  C:0000H         SYMBOL        _ICE_DUMMY_
  C:0087H         PUBLIC        UART_Routine
  B:0098H.0       PUBLIC        RI
  C:00E7H         PUBLIC        main
  D:0099H         PUBLIC        SBUF
  D:000FH         PUBLIC        KeyNum
  -------         PROC          MAIN
  -------         DO            
  D:0008H         SYMBOL        Data
  -------         ENDDO         
  C:00E7H         LINE#         9
  C:00E7H         LINE#         10
  C:00E7H         LINE#         11
  C:00EAH         LINE#         13
  C:00F4H         LINE#         14
  C:00FEH         LINE#         15
  C:0103H         LINE#         16
  C:0103H         LINE#         17
  C:0108H         LINE#         21
  C:0125H         LINE#         22
  C:0125H         LINE#         23
  C:012FH         LINE#         24
  C:0139H         LINE#         25
  C:013EH         LINE#         27
  C:013EH         LINE#         29
  -------         ENDPROC       MAIN
  -------         PROC          UART_ROUTINE
  C:0087H         LINE#         33
  C:00A4H         LINE#         35
  C:00A7H         LINE#         36
  C:00B2H         LINE#         37
  C:00B9H         LINE#         38
  C:00C3H         LINE#         39
  C:00CAH         LINE#         40
  C:00CCH         LINE#         41
  C:00CCH         LINE#         42
  -------         ENDPROC       UART_ROUTINE
  -------         ENDMOD        MAIN

BL51 BANKED LINKER/LOCATER V6.22.2.0                                                  03/31/2026  20:47:48  PAGE 4


  -------         MODULE        DELAY
  C:0000H         SYMBOL        _ICE_DUMMY_
  C:01EDH         PUBLIC        _Delay
  -------         PROC          _DELAY
  D:0006H         SYMBOL        xms
  -------         DO            
  D:0005H         SYMBOL        i
  D:0004H         SYMBOL        j
  -------         ENDDO         
  C:01EDH         LINE#         3
  C:01EDH         LINE#         4
  C:01EDH         LINE#         6
  C:01F1H         LINE#         7
  C:01F1H         LINE#         8
  C:01F2H         LINE#         9
  C:01F4H         LINE#         10
  C:01F6H         LINE#         12
  C:01F6H         LINE#         13
  C:01F8H         LINE#         14
  C:01FAH         LINE#         15
  C:01FFH         LINE#         18
  C:0201H         LINE#         20
  -------         ENDPROC       _DELAY
  -------         ENDMOD        DELAY

  -------         MODULE        KEY
  C:0000H         SYMBOL        _ICE_DUMMY_
  B:00B0H.0       PUBLIC        P3_0
  B:00B0H.1       PUBLIC        P3_1
  B:00B0H.2       PUBLIC        P3_2
  B:00B0H.3       PUBLIC        P3_3
  C:0026H         PUBLIC        Key
  -------         PROC          KEY
  -------         DO            
  D:000AH         SYMBOL        KeyNumber
  -------         ENDDO         
  C:0026H         LINE#         4
  C:0026H         LINE#         5
  C:0026H         LINE#         6
  C:0029H         LINE#         7
  C:003FH         LINE#         8
  C:0056H         LINE#         9
  C:006DH         LINE#         10
  C:0084H         LINE#         13
  C:0086H         LINE#         14
  -------         ENDPROC       KEY
  -------         ENDMOD        KEY

  -------         MODULE        IIC
  C:0000H         SYMBOL        _ICE_DUMMY_
  B:00A0H.1       PUBLIC        I2C_SCL
  D:00A0H         PUBLIC        P2
  C:0224H         PUBLIC        I2C_Start
  C:021AH         PUBLIC        _I2C_SendAck
  C:0140H         PUBLIC        _I2C_SendByte
  C:0235H         PUBLIC        I2C_Stop
  C:020EH         PUBLIC        I2C_ReceiveAck
BL51 BANKED LINKER/LOCATER V6.22.2.0                                                  03/31/2026  20:47:48  PAGE 5


  B:00A0H.0       PUBLIC        I2C_SDA
  C:01A2H         PUBLIC        I2C_ReceiveByte
  -------         PROC          I2C_START
  C:0224H         LINE#         7
  C:0224H         LINE#         8
  C:0224H         LINE#         9
  C:0226H         LINE#         10
  C:0228H         LINE#         11
  C:022AH         LINE#         12
  C:022CH         LINE#         14
  -------         ENDPROC       I2C_START
  -------         PROC          I2C_STOP
  C:0235H         LINE#         15
  C:0235H         LINE#         16
  C:0235H         LINE#         17
  C:0237H         LINE#         18
  C:0239H         LINE#         19
  C:023BH         LINE#         21
  -------         ENDPROC       I2C_STOP
  -------         PROC          _I2C_SENDBYTE
  D:0005H         SYMBOL        Byte
  -------         DO            
  D:0003H         SYMBOL        i
  -------         ENDDO         
  C:0140H         LINE#         23
  C:0142H         LINE#         24
  C:0142H         LINE#         25
  C:014EH         LINE#         26
  C:016AH         LINE#         27
  C:016CH         LINE#         28
  C:016EH         LINE#         29
  C:0171H         LINE#         30
  -------         ENDPROC       _I2C_SENDBYTE
  -------         PROC          I2C_RECEIVEBYTE
  -------         DO            
  D:0007H         SYMBOL        Byte
  D:0006H         SYMBOL        i
  -------         ENDDO         
  C:01A2H         LINE#         32
  C:01A2H         LINE#         33
  C:01A4H         LINE#         35
  C:01A6H         LINE#         36
  C:01B1H         LINE#         37
  C:01B1H         LINE#         38
  C:01B3H         LINE#         39
  C:01C3H         LINE#         40
  C:01C5H         LINE#         41
  C:01C8H         LINE#         44
  C:01C8H         LINE#         45
  -------         ENDPROC       I2C_RECEIVEBYTE
  -------         PROC          _I2C_SENDACK
  D:0007H         SYMBOL        AckBit
  C:021AH         LINE#         47
  C:021AH         LINE#         48
  C:021AH         LINE#         49
  C:021FH         LINE#         50
  C:0221H         LINE#         51
BL51 BANKED LINKER/LOCATER V6.22.2.0                                                  03/31/2026  20:47:48  PAGE 6


  C:0223H         LINE#         53
  -------         ENDPROC       _I2C_SENDACK
  -------         PROC          I2C_RECEIVEACK
  -------         DO            
  D:0007H         SYMBOL        AckBit
  -------         ENDDO         
  C:020EH         LINE#         54
  C:020EH         LINE#         55
  C:020EH         LINE#         57
  C:0210H         LINE#         58
  C:0212H         LINE#         59
  C:0217H         LINE#         60
  C:0219H         LINE#         61
  C:0219H         LINE#         62
  -------         ENDPROC       I2C_RECEIVEACK
  -------         ENDMOD        IIC

  -------         MODULE        AT24C02
  C:0000H         SYMBOL        _ICE_DUMMY_
  C:0172H         PUBLIC        _AT24C02_ReadByte
  C:01C9H         PUBLIC        _AT24C02_WriteByte
  -------         PROC          _AT24C02_WRITEBYTE
  D:000CH         SYMBOL        WordAddress
  D:000DH         SYMBOL        Data
  C:01C9H         LINE#         4
  C:01CFH         LINE#         5
  C:01CFH         LINE#         6
  C:01D2H         LINE#         7
  C:01D7H         LINE#         8
  C:01DAH         LINE#         9
  C:01DFH         LINE#         10
  C:01E2H         LINE#         11
  C:01E7H         LINE#         12
  C:01EAH         LINE#         13
  -------         ENDPROC       _AT24C02_WRITEBYTE
  -------         PROC          _AT24C02_READBYTE
  D:000AH         SYMBOL        WordAddress
  -------         DO            
  D:000BH         SYMBOL        Data
  -------         ENDDO         
  C:0172H         LINE#         17
  C:0174H         LINE#         18
  C:0174H         LINE#         20
  C:0177H         LINE#         21
  C:017CH         LINE#         22
  C:017FH         LINE#         23
  C:0184H         LINE#         24
  C:0187H         LINE#         25
  C:018AH         LINE#         26
  C:018FH         LINE#         27
  C:0192H         LINE#         28
  C:0197H         LINE#         29
  C:019CH         LINE#         30
  C:019FH         LINE#         31
  C:01A1H         LINE#         32
  -------         ENDPROC       _AT24C02_READBYTE
  -------         ENDMOD        AT24C02
BL51 BANKED LINKER/LOCATER V6.22.2.0                                                  03/31/2026  20:47:48  PAGE 7



  -------         MODULE        UART
  C:0000H         SYMBOL        _ICE_DUMMY_
  B:00A8H.7       PUBLIC        EA
  B:00A8H.4       PUBLIC        ES
  B:0098H.1       PUBLIC        TI
  D:0099H         PUBLIC        SBUF
  D:0087H         PUBLIC        PCON
  C:0003H         PUBLIC        UART_Init
  D:0098H         PUBLIC        SCON
  D:0089H         PUBLIC        TMOD
  C:022DH         PUBLIC        _UART_SendByte
  B:00A8H.3       PUBLIC        ET1
  D:008DH         PUBLIC        TH1
  D:008BH         PUBLIC        TL1
  B:0088H.6       PUBLIC        TR1
  -------         PROC          UART_INIT
  C:0003H         LINE#         4
  C:0003H         LINE#         5
  C:0006H         LINE#         6
  C:0009H         LINE#         7
  C:000CH         LINE#         8
  C:000FH         LINE#         9
  C:0012H         LINE#         10
  C:0015H         LINE#         11
  C:0017H         LINE#         12
  C:0019H         LINE#         13
  C:001BH         LINE#         14
  C:001DH         LINE#         15
  -------         ENDPROC       UART_INIT
  -------         PROC          _UART_SENDBYTE
  D:0007H         SYMBOL        Byte
  C:022DH         LINE#         18
  C:022DH         LINE#         19
  C:022FH         LINE#         20
  C:0232H         LINE#         21
  C:0234H         LINE#         23
  -------         ENDPROC       _UART_SENDBYTE
  -------         ENDMOD        UART

Program Size: data=17.0 xdata=0 code=567
LINK/LOCATE RUN COMPLETE.  0 WARNING(S),  0 ERROR(S)
