C51 COMPILER V9.60.0.0   UART                                                              03/31/2026 20:08:30 PAGE 1   


C51 COMPILER V9.60.0.0, COMPILATION OF MODULE UART
OBJECT MODULE PLACED IN .\Objects\UART.obj
COMPILER INVOKED BY: C:\Keil_v5\C51\BIN\C51.EXE UART.c OPTIMIZE(8,SPEED) BROWSE DEBUG OBJECTEXTEND PRINT(.\Listings\UART
                    -.lst) OBJECT(.\Objects\UART.obj)

line level    source

   1          #include <REGX52.H>
   2          void Delay(unsigned int xms);
   3          
   4          void UART_Init(){
   5   1              SCON=0x50;
   6   1              PCON |=0x80;
   7   1              TMOD &= 0x0F;
   8   1              TMOD |= 0x20;
   9   1              TL1 = 0xF4;                     //设置定时初始值
  10   1              TH1 = 0xF4;                     //设置定时重载值
  11   1              ET1 = 0;                        //禁止定时器中断
  12   1              TR1 = 1;                        //定时器1开始计时
  13   1              EA=1;
  14   1              ES=1;
  15   1      }
  16          
  17          
  18          void UART_SendByte(unsigned char Byte){
  19   1              SBUF=Byte;
  20   1              while(TI==0); 
  21   1              TI=0;
  22   1      
  23   1      }


MODULE INFORMATION:   STATIC OVERLAYABLE
   CODE SIZE        =     35    ----
   CONSTANT SIZE    =   ----    ----
   XDATA SIZE       =   ----    ----
   PDATA SIZE       =   ----    ----
   DATA SIZE        =   ----    ----
   IDATA SIZE       =   ----    ----
   BIT SIZE         =   ----    ----
END OF MODULE INFORMATION.


C51 COMPILATION COMPLETE.  0 WARNING(S),  0 ERROR(S)
